---
source: crates/plotinator-hdf5/src/tsc/hm.rs
expression: first_10_zero_pos
---
[
    [
        350000.0,
        84.9276421199928,
    ],
    [
        3016800.0,
        117.31591973949729,
    ],
    [
        5683600.0,
        114.07536816432209,
    ],
    [
        8350400.0,
        111.16770085725678,
    ],
    [
        11017200.0,
        108.61327040301391,
    ],
    [
        13684000.0,
        106.34203783569659,
    ],
    [
        16350800.0,
        104.5360175516843,
    ],
    [
        19017600.0,
        102.90672433777387,
    ],
    [
        21684400.0,
        101.14329238049105,
    ],
    [
        24351200.0,
        99.77814819308124,
    ],
]
