---
source: crates/plotinator-hdf5/src/tsc/hm.rs
expression: first_10_b_field
---
[
    [
        400.0,
        -0.07902017765620253,
    ],
    [
        1000.0,
        -0.06583807652565361,
    ],
    [
        2400.0,
        0.6293366852930741,
    ],
    [
        5200.0,
        13.203033148278188,
    ],
    [
        11000.0,
        39.63980939472112,
    ],
    [
        11400.0,
        41.45278287493414,
    ],
    [
        12000.0,
        44.17380032148612,
    ],
    [
        13400.0,
        50.59724988667217,
    ],
    [
        16200.0,
        55.27305704428121,
    ],
    [
        22400.0,
        55.65273052849186,
    ],
]
