---
source: crates/plotinator-csv/src/grafnav.rs
expression: read_bytes
---
3094
