---
source: crates/plotinator-csv/src/njord_ins.rs
expression: read_bytes
---
2576
