---
source: crates/plotinator-csv/src/njord_ins.rs
expression: njord_ins.raw_plots.len()
---
26
