---
source: crates/plotinator-hdf5/src/frame_gps.rs
expression: gps_entries
---
[
    GpsEntry {
        gps_time: "2025-09-01T08:23:02.000Z",
        hdop: 0.8999999761581421,
        pdop: 1.7000000476837158,
        vdop: 1.399999976158142,
        mode: 3,
        position: [56.21777, 10.1478, 66.56], shape=[3], strides=[1], layout=CFcf (0xf), const ndim=1,
        satellites: 10,
        speed: 0.0,
        timestamp: 1756714982200531242,
    },
    GpsEntry {
        gps_time: "2025-09-01T08:23:02.000Z",
        hdop: 0.8999999761581421,
        pdop: 1.7000000476837158,
        vdop: 1.399999976158142,
        mode: 3,
        position: [56.21777056, 10.147800407, 66.56], shape=[3], strides=[1], layout=CFcf (0xf), const ndim=1,
        satellites: 10,
        speed: 0.0,
        timestamp: 1756714982200763961,
    },
    GpsEntry {
        gps_time: "2025-09-01T08:23:03.000Z",
        hdop: 0.8999999761581421,
        pdop: 1.7000000476837158,
        vdop: 1.399999976158142,
        mode: 3,
        position: [56.21777, 10.1478, 66.56], shape=[3], strides=[1], layout=CFcf (0xf), const ndim=1,
        satellites: 10,
        speed: 0.0,
        timestamp: 1756714983137206455,
    },
    GpsEntry {
        gps_time: "2025-09-01T08:23:03.000Z",
        hdop: 0.8999999761581421,
        pdop: 1.7000000476837158,
        vdop: 1.399999976158142,
        mode: 3,
        position: [56.21777056, 10.147800407, 66.56], shape=[3], strides=[1], layout=CFcf (0xf), const ndim=1,
        satellites: 10,
        speed: 0.0,
        timestamp: 1756714983137418535,
    },
    GpsEntry {
        gps_time: "2025-09-01T08:23:04.000Z",
        hdop: 0.8999999761581421,
        pdop: 1.7000000476837158,
        vdop: 1.399999976158142,
        mode: 3,
        position: [56.21777, 10.1478, 66.56], shape=[3], strides=[1], layout=CFcf (0xf), const ndim=1,
        satellites: 10,
        speed: 0.0,
        timestamp: 1756714984140451502,
    },
    GpsEntry {
        gps_time: "2025-09-01T08:23:04.000Z",
        hdop: 0.8999999761581421,
        pdop: 1.7000000476837158,
        vdop: 1.399999976158142,
        mode: 3,
        position: [56.21777056, 10.147800407, 66.56], shape=[3], strides=[1], layout=CFcf (0xf), const ndim=1,
        satellites: 10,
        speed: 0.0,
        timestamp: 1756714984140662600,
    },
    GpsEntry {
        gps_time: "2025-09-01T08:23:05.000Z",
        hdop: 0.8999999761581421,
        pdop: 1.7000000476837158,
        vdop: 1.399999976158142,
        mode: 3,
        position: [56.21777, 10.1478, 66.56], shape=[3], strides=[1], layout=CFcf (0xf), const ndim=1,
        satellites: 10,
        speed: 0.0,
        timestamp: 1756714985137742222,
    },
    GpsEntry {
        gps_time: "2025-09-01T08:23:05.000Z",
        hdop: 0.8999999761581421,
        pdop: 1.7000000476837158,
        vdop: 1.399999976158142,
        mode: 3,
        position: [56.21777056, 10.147800407, 66.56], shape=[3], strides=[1], layout=CFcf (0xf), const ndim=1,
        satellites: 10,
        speed: 0.0,
        timestamp: 1756714985137967887,
    },
    GpsEntry {
        gps_time: "2025-09-01T08:23:06.000Z",
        hdop: 0.8999999761581421,
        pdop: 1.7000000476837158,
        vdop: 1.399999976158142,
        mode: 3,
        position: [56.21777, 10.1478, 66.56], shape=[3], strides=[1], layout=CFcf (0xf), const ndim=1,
        satellites: 10,
        speed: 0.0,
        timestamp: 1756714986136323458,
    },
    GpsEntry {
        gps_time: "2025-09-01T08:23:06.000Z",
        hdop: 0.8999999761581421,
        pdop: 1.7000000476837158,
        vdop: 1.399999976158142,
        mode: 3,
        position: [56.21777056, 10.147800407, 66.56], shape=[3], strides=[1], layout=CFcf (0xf), const ndim=1,
        satellites: 10,
        speed: 0.0,
        timestamp: 1756714987197647139,
    },
    GpsEntry {
        gps_time: "2025-09-01T08:23:07.000Z",
        hdop: 0.8999999761581421,
        pdop: 1.7000000476837158,
        vdop: 1.399999976158142,
        mode: 3,
        position: [56.21777, 10.1478, 66.56], shape=[3], strides=[1], layout=CFcf (0xf), const ndim=1,
        satellites: 10,
        speed: 0.0,
        timestamp: 1756714987197963245,
    },
    GpsEntry {
        gps_time: "2025-09-01T08:23:07.000Z",
        hdop: 0.8999999761581421,
        pdop: 1.7000000476837158,
        vdop: 1.399999976158142,
        mode: 3,
        position: [56.21777056, 10.147800407, 66.56], shape=[3], strides=[1], layout=CFcf (0xf), const ndim=1,
        satellites: 10,
        speed: 0.0,
        timestamp: 1756714987198205211,
    },
    GpsEntry {
        gps_time: "2025-09-01T08:23:08.000Z",
        hdop: 0.8999999761581421,
        pdop: 1.7000000476837158,
        vdop: 1.399999976158142,
        mode: 3,
        position: [56.21777, 10.1478, 66.56], shape=[3], strides=[1], layout=CFcf (0xf), const ndim=1,
        satellites: 10,
        speed: 0.0,
        timestamp: 1756714988134466844,
    },
    GpsEntry {
        gps_time: "2025-09-01T08:23:08.000Z",
        hdop: 0.8999999761581421,
        pdop: 1.7000000476837158,
        vdop: 1.399999976158142,
        mode: 3,
        position: [56.21777056, 10.147800407, 66.56], shape=[3], strides=[1], layout=CFcf (0xf), const ndim=1,
        satellites: 10,
        speed: 0.0,
        timestamp: 1756714988134692570,
    },
    GpsEntry {
        gps_time: "2025-09-01T08:23:09.000Z",
        hdop: 0.8999999761581421,
        pdop: 1.7000000476837158,
        vdop: 1.399999976158142,
        mode: 3,
        position: [56.21777, 10.1478, 66.56], shape=[3], strides=[1], layout=CFcf (0xf), const ndim=1,
        satellites: 10,
        speed: 0.0,
        timestamp: 1756714989137897490,
    },
]
