---
source: crates/plotinator-hdf5/src/tsc.rs
expression: zero_pos_first_10
---
[
    [
        1.75560889245273e18,
        84.9276421199928,
    ],
    [
        1.7556088924553969e18,
        117.31591973949729,
    ],
    [
        1.755608892458064e18,
        114.07536816432209,
    ],
    [
        1.7556088924607306e18,
        111.16770085725678,
    ],
    [
        1.7556088924633974e18,
        108.61327040301391,
    ],
    [
        1.7556088924660641e18,
        106.34203783569659,
    ],
    [
        1.755608892468731e18,
        104.5360175516843,
    ],
    [
        1.755608892471398e18,
        102.90672433777387,
    ],
    [
        1.7556088924740646e18,
        101.14329238049105,
    ],
    [
        1.7556088924767314e18,
        99.77814819308124,
    ],
]
