---
source: crates/plotinator-hdf5/src/frame_inclinometers.rs
expression: counts
---
[
    (
        "metadata_count",
        72,
    ),
    (
        "raw_plot_count",
        8,
    ),
    (
        "first_raw_plot_points_count",
        32,
    ),
]
